../Core/Src/main.c:89:5:main	1
../Core/Src/main.c:180:6:SystemClock_Config	3
../Core/Src/main.c:219:13:MX_I2C1_Init	2
../Core/Src/main.c:253:13:MX_I2C2_Init	2
../Core/Src/main.c:287:13:MX_TIM2_Init	4
../Core/Src/main.c:332:13:MX_USART2_UART_Init	2
../Core/Src/main.c:365:13:MX_GPIO_Init	1
../Core/Src/main.c:405:6:configureTimerForRunTimeStats	1
../Core/Src/main.c:410:15:getRunTimeCounterValue	1
../Core/Src/main.c:424:6:StartDefaultTask	1
../Core/Src/main.c:443:6:HAL_TIM_PeriodElapsedCallback	3
../Core/Src/main.c:465:6:Error_Handler	1
