../Core/Src/main.c:88:5:main	8	static
../Core/Src/main.c:185:6:SystemClock_Config	72	static
../Core/Src/main.c:224:13:MX_I2C1_Init	8	static
../Core/Src/main.c:258:13:MX_TIM2_Init	32	static
../Core/Src/main.c:303:13:MX_USART2_UART_Init	8	static
../Core/Src/main.c:336:13:MX_GPIO_Init	40	static
../Core/Src/main.c:376:6:configureTimerForRunTimeStats	4	static
../Core/Src/main.c:381:15:getRunTimeCounterValue	4	static
../Core/Src/main.c:395:6:StartDefaultTask	16	static
../Core/Src/main.c:414:6:HAL_TIM_PeriodElapsedCallback	16	static
../Core/Src/main.c:436:6:Error_Handler	4	static,ignoring_inline_asm
