../Core/Src/main.c:88:5:main	8	static
../Core/Src/main.c:178:6:SystemClock_Config	72	static
../Core/Src/main.c:217:13:MX_I2C1_Init	8	static
../Core/Src/main.c:251:13:MX_TIM2_Init	32	static
../Core/Src/main.c:296:13:MX_USART2_UART_Init	8	static
../Core/Src/main.c:329:13:MX_GPIO_Init	40	static
../Core/Src/main.c:369:6:configureTimerForRunTimeStats	4	static
../Core/Src/main.c:374:15:getRunTimeCounterValue	4	static
../Core/Src/main.c:388:6:StartDefaultTask	16	static
../Core/Src/main.c:407:6:HAL_TIM_PeriodElapsedCallback	16	static
../Core/Src/main.c:429:6:Error_Handler	4	static,ignoring_inline_asm
