../Core/Src/main.c:91:5:main	1
../Core/Src/main.c:183:6:SystemClock_Config	3
../Core/Src/main.c:222:13:MX_I2C1_Init	2
../Core/Src/main.c:256:13:MX_I2C2_Init	2
../Core/Src/main.c:290:13:MX_TIM2_Init	4
../Core/Src/main.c:335:13:MX_USART2_UART_Init	2
../Core/Src/main.c:366:13:MX_DMA_Init	1
../Core/Src/main.c:384:13:MX_GPIO_Init	1
../Core/Src/main.c:424:6:configureTimerForRunTimeStats	1
../Core/Src/main.c:429:15:getRunTimeCounterValue	1
../Core/Src/main.c:443:6:StartDefaultTask	1
../Core/Src/main.c:462:6:HAL_TIM_PeriodElapsedCallback	3
../Core/Src/main.c:484:6:Error_Handler	1
