../Core/Src/main.c:88:5:main	1
../Core/Src/main.c:179:6:SystemClock_Config	3
../Core/Src/main.c:218:13:MX_I2C1_Init	2
../Core/Src/main.c:252:13:MX_TIM2_Init	4
../Core/Src/main.c:297:13:MX_USART2_UART_Init	2
../Core/Src/main.c:328:13:MX_DMA_Init	1
../Core/Src/main.c:346:13:MX_GPIO_Init	1
../Core/Src/main.c:386:6:configureTimerForRunTimeStats	1
../Core/Src/main.c:391:15:getRunTimeCounterValue	1
../Core/Src/main.c:405:6:StartDefaultTask	1
../Core/Src/main.c:424:6:HAL_TIM_PeriodElapsedCallback	3
../Core/Src/main.c:446:6:Error_Handler	1
